// Jest Snapshot v1, https://goo.gl/fbAQLP

exports[`<Table/> Should render basic component 1`] = `
<div>
  <div
    class="table-title"
  >
    test title
  </div>
  <div
    class="table-wrapper"
    style="max-height: 336px;"
  >
    <table
      class="base-table"
    >
      <thead>
        <tr>
          <th />
          <th
            scope="col"
          >
            Claim Number
          </th>
          <th
            scope="col"
          >
            Date of Admission
          </th>
          <th
            scope="col"
          >
            Date of Discharge
          </th>
          <th
            scope="col"
          >
            Clinic/Hospital
          </th>
        </tr>
      </thead>
      <tbody
        class="enable-table-hover"
      >
        <tr
          class=""
        >
          <td>
            <input
              class="input-selection"
              type="radio"
            />
          </td>
          <td>
            test-id
          </td>
          <td>
            12-03-2021
          </td>
          <td>
            26-03-2021
          </td>
          <td>
            PARKWAY EAST
          </td>
        </tr>
        <tr
          class=""
        >
          <td>
            <input
              class="input-selection"
              type="radio"
            />
          </td>
          <td>
            CBGDC21000386-00
          </td>
          <td>
            13-03-2021
          </td>
          <td>
            25-03-2021
          </td>
          <td>
            RESTRUCTURED HOSPITAL
          </td>
        </tr>
        <tr
          class=""
        >
          <td>
            <input
              class="input-selection"
              type="radio"
            />
          </td>
          <td>
            CBGDC21000386-00
          </td>
          <td>
            14-03-2021
          </td>
          <td>
            24-03-2021
          </td>
          <td>
            PARKWAY EAST
          </td>
        </tr>
        <tr
          class=""
        >
          <td>
            <input
              class="input-selection"
              type="radio"
            />
          </td>
          <td>
            CBGDC21000386-00
          </td>
          <td>
            15-03-2021
          </td>
          <td>
            23-03-2021
          </td>
          <td>
            SUNWAY
          </td>
        </tr>
        <tr
          class=""
        >
          <td>
            <input
              class="input-selection"
              type="radio"
            />
          </td>
          <td>
            CBGDC21000386-00
          </td>
          <td>
            16-03-2021
          </td>
          <td>
            22-03-2021
          </td>
          <td>
            KEPPAL
          </td>
        </tr>
        <tr
          class=""
        >
          <td>
            <input
              class="input-selection"
              type="radio"
            />
          </td>
          <td>
            CBGDC21000386-00
          </td>
          <td>
            17-03-2021
          </td>
          <td>
            21-03-2021
          </td>
          <td>
            PARKWAY EAST
          </td>
        </tr>
        <tr
          class=""
        >
          <td>
            <input
              class="input-selection"
              type="radio"
            />
          </td>
          <td>
            CBGDC21000386-00
          </td>
          <td>
            18-03-2021
          </td>
          <td>
            20-03-2021
          </td>
          <td>
            PARKWAY EAST
          </td>
        </tr>
      </tbody>
    </table>
  </div>
</div>
`;
